// Jest Snapshot v1, https://goo.gl/fbAQLP

exports[`BookDisplay component renders without crashing 1`] = `
<div>
  <div
    id="book-display"
  />
</div>
`;
