// Jest Snapshot v1, https://goo.gl/fbAQLP

exports[`Button component renders without crashing 1`] = `
<div>
  <button
    type="button"
  />
</div>
`;
