// Jest Snapshot v1, https://goo.gl/fbAQLP

exports[`Home renders without crashing 1`] = `
<div>
  <div>
    <h1>
      Book Search App
    </h1>
    <input
      type="text"
      value=""
    />
    <button
      type="button"
    >
      Search
    </button>
    <div
      id="book-display"
    />
  </div>
</div>
`;
