// Jest Snapshot v1, https://goo.gl/fbAQLP

exports[`Message component renders without crashing 1`] = `
<div>
  <p />
</div>
`;
